---
source: tui/src/keymap_setup.rs
expression: "render_picker(params, 120)"
---

  Keymap
  All configurable shortcuts.
  104 actions, 1 customized, 3 unbound.

  [All]  Common  Customized (1)  Unbound (3)  App  Composer  Editor  Vim  Navigation  Approval  Debug

  Type to search shortcuts
› Global         Open Transcript              ctrl-t
  Global         Open External Editor         ctrl-g
  Global         Open Snippets                ctrl-s
  Global         Open Touched Paths           alt-p
  Global         Open Model Picker            ctrl-m
  Global         Copy                         ctrl-o
  Global         Redraw Full Scrollback       alt-l
  Global         Clear Terminal               ctrl-l

  left/right group · enter edit shortcut · * custom · - unbound · esc close
