---
source: tui/src/resume_picker.rs
expression: snapshot
---
  Created         Updated         Msgs  Branch  CWD  Conversation
  16 minutes ago  42 seconds ago     0  -       -    Fix resume picker timest...
> 1 hour ago      35 minutes ago    12  -       -    ★ Resume picker cleanup
  2 hours ago     2 hours ago        0  -       -    Explain the codebase
