---
source: tui/src/resume_picker.rs
expression: snapshot
---
  Fix resume picker timestamps
  42 seconds ago  0 msgs  closed  ⌁ no cwd                          no branch

❯ Investigate lazy pagination cap
  35 minutes ago  0 msgs  closed  ⌁ no cwd                          no branch

  Explain the codebase
  2 hours ago   0 msgs  closed  ⌁ no cwd                          no branch
