---
source: tui/src/bottom_pane/chat_composer.rs
assertion_line: 4945
expression: terminal.backend()
---
"                                                                                                    "
"› [Pasted Content 5 chars]                                                                          "
"                                                                                                    "
"                                                                                                    "
"                                                                                                    "
"                                                                                                    "
"                                                                                                    "
"                                                                                                    "
"                                                                                 100% context left  "
