---
source: tui/src/chatwidget/tests/mcp_startup.rs
assertion_line: 39
expression: normalized_backend_snapshot(terminal.backend())
---
"                                                                                "
"                                                                                "
"› Ask Codex to do anything                                                      "
"                                                                                "
"  gpt-5.5 default · /tmp/project                                      MCP: 0/1  "
