---
source: tui/src/chatwidget/tests/status_and_layout.rs
assertion_line: 2146
expression: normalized_backend_snapshot(terminal.backend())
---
"                                                                                "
"• Working (0s • esc to interrupt)                                               "
"                                                                                "
"                                                                                "
"› Ask Codex to do anything                                                      "
"                                                                                "
"                                                             v2 · 800ms  ≋3ms  "
